<html>
<body>
<pre>
<h1>µVision Build Log</h1>
<h2>Tool Versions:</h2>
IDE-Version: •ÏVision V5.28.0.0
Copyright (C) 2019 ARM Ltd and ARM Germany GmbH. All rights reserved.
License Information: choi eubin, gsm, LIC=----
 
Tool Versions:
Toolchain:       MDK-Lite  Version: 5.28.0.0
Toolchain Path:  C:\Keil_v5\ARM\ARMCC\Bin
C Compiler:      Armcc.exe V5.06 update 6 (build 750)
Assembler:       Armasm.exe V5.06 update 6 (build 750)
Linker/Locator:  ArmLink.exe V5.06 update 6 (build 750)
Library Manager: ArmAr.exe V5.06 update 6 (build 750)
Hex Converter:   FromElf.exe V5.06 update 6 (build 750)
CPU DLL:         SARMCM3.DLL V5.28.0.0
Dialog DLL:      DCM.DLL V1.17.3.0
Target DLL:      STLink\ST-LINKIII-KEIL_SWO.dll V3.0.6.0
Dialog DLL:      TCM.DLL V1.36.2.0
 
<h2>Project:</h2>
\\vmware-host\Shared Folders\µ•Ω∫≈©≈æ\test_3319\MDK-ARM\test_3319.uvprojx
Project File Date:  10/23/2020

<h2>Output:</h2>
*** Using Compiler 'V5.06 update 6 (build 750)', folder: 'C:\Keil_v5\ARM\ARMCC\Bin'
Build target 'test_3319'
compiling EMbed_GPIO_General.c...
../Inc/EMbed_GPIO_General.h(55): warning:  #1295-D: Deprecated declaration BT_LONG_Event_test - give arg types
  void BT_LONG_Event_test();
../Inc/TIM3_RGB_LED.h(14): warning:  #1-D: last line of file ends without a newline
  #endif /* __TIM3_RGB_LED_H__ */
..\Src\EMbed_GPIO_General.c(104): warning:  #188-D: enumerated type mixed with another type
  					HAL_GPIO_WritePin(GPIO_LED_PORT, GPIO_LED_1 | GPIO_LED_2 | GPIO_LED_3 | GPIO_LED_4 | GPIO_LED_5, 0);
..\Src\EMbed_GPIO_General.c(105): warning:  #188-D: enumerated type mixed with another type
  					HAL_GPIO_WritePin(GPIO_LED_PORT, GPIO_LED_1<<led_cnt, 1);
..\Src\EMbed_GPIO_General.c(149): warning:  #188-D: enumerated type mixed with another type
  					HAL_GPIO_WritePin(GPIO_LED_PORT, GPIO_LED_1 | GPIO_LED_2 | GPIO_LED_3 | GPIO_LED_4 | GPIO_LED_5, 0);
..\Src\EMbed_GPIO_General.c(150): warning:  #188-D: enumerated type mixed with another type
  					HAL_GPIO_WritePin(GPIO_LED_PORT, GPIO_LED_1<<led_cnt, 1);
..\Src\EMbed_GPIO_General.c(191): warning:  #188-D: enumerated type mixed with another type
  					HAL_GPIO_WritePin(GPIO_LED_PORT, GPIO_LED_1 | GPIO_LED_3 | GPIO_LED_5, 1);
..\Src\EMbed_GPIO_General.c(192): warning:  #188-D: enumerated type mixed with another type
  					HAL_GPIO_WritePin(GPIO_LED_PORT, GPIO_LED_2 | GPIO_LED_4 , 0);
..\Src\EMbed_GPIO_General.c(200): warning:  #188-D: enumerated type mixed with another type
  					HAL_GPIO_WritePin(GPIO_LED_PORT, GPIO_LED_1 | GPIO_LED_2 | GPIO_LED_3 | GPIO_LED_4 | GPIO_LED_5, 0);
..\Src\EMbed_GPIO_General.c: 9 warnings, 0 errors
linking...
Program Size: Code=7872 RO-data=508 RW-data=48 ZI-data=1200  
FromELF: creating hex file...
"test_3319\test_3319.axf" - 0 Error(s), 9 Warning(s).

<h2>Software Packages used:</h2>

Package Vendor: ARM
                http://www.keil.com/pack/ARM.CMSIS.5.7.0.pack
                ARM.CMSIS.5.7.0
                CMSIS (Cortex Microcontroller Software Interface Standard)
   * Component: CORE Version: 5.4.0

Package Vendor: Keil
                http://www.keil.com/pack/Keil.STM32F4xx_DFP.2.15.0.pack
                Keil.STM32F4xx_DFP.2.15.0
                STMicroelectronics STM32F4 Series Device Support, Drivers and Examples

<h2>Collection of Component include folders:</h2>
  .\RTE\_test_3319
  C:\Users\danial\AppData\Local\Arm\Packs\ARM\CMSIS\5.7.0\CMSIS\Core\Include
  C:\Users\danial\AppData\Local\Arm\Packs\Keil\STM32F4xx_DFP\2.15.0\Drivers\CMSIS\Device\ST\STM32F4xx\Include

<h2>Collection of Component Files used:</h2>

   * Component: ARM::CMSIS:CORE:5.4.0
Build Time Elapsed:  00:00:07
</pre>
</body>
</html>
